[
    {
        "Space": "t",
        "Value": [
            1605559909
        ]
    },
    {
        "Space": "y",
        "Value": [
            23
        ]
    }
]

1605559909
